// Jest Snapshot v1, https://goo.gl/fbAQLP

exports[`kangasala all placement mappings exists 1`] = `
{
  "municipal": [
    {
      "effica": "Esiopetus 4t/päivä",
      "evaka": {
        "default_option": true,
        "id": "94e44ef1-106b-401d-81b6-8e5c31cd0437",
        "name_fi": "Esiopetus",
        "valid_placement_type": "PRESCHOOL",
      },
    },
    {
      "effica": "Vuorohoito 0-85 h/kk",
      "evaka": {
        "default_option": false,
        "id": "50358394-b961-11eb-b51f-67ac436e5637",
        "name_fi": "Varhaiskasvatus 85 tuntia / kuukausi",
        "valid_placement_type": "DAYCARE",
      },
    },
    {
      "effica": "Vuorohoito 86-120 h/kk",
      "evaka": {
        "default_option": false,
        "id": "86ef70a0-bf85-11eb-91e6-1fb57a101165",
        "name_fi": "Varhaiskasvatus 86–120 tuntia / kuukausi",
        "valid_placement_type": "DAYCARE",
      },
    },
    {
      "effica": "Vuorohoito 121-150 h/kk",
      "evaka": {
        "default_option": false,
        "id": "503590f0-b961-11eb-b520-53740af3f7ef",
        "name_fi": "Varhaiskasvatus 121-150 tuntia / kuukausi",
        "valid_placement_type": "DAYCARE",
      },
    },
    {
      "effica": "Vuorohoito yli 150 h/kk",
      "evaka": {
        "default_option": false,
        "id": "503591ae-b961-11eb-b521-1fca99358eed",
        "name_fi": "Varhaiskasvatus yli 151 tuntia / kuukausi",
        "valid_placement_type": "DAYCARE",
      },
    },
    {
      "effica": "2 v Esiopetuskokeilu 4 h/pv",
      "evaka": {
        "default_option": true,
        "id": "94e44ef1-106b-401d-81b6-8e5c31cd0437",
        "name_fi": "Esiopetus",
        "valid_placement_type": "PRESCHOOL",
      },
    },
    {
      "effica": "Virikekerho 1 kertaa/viikko",
      "evaka": {
        "default_option": true,
        "id": "ff6ddcd4-fa8a-11eb-8592-2f2b4e398fcb",
        "name_fi": "Kerho",
        "valid_placement_type": "CLUB",
      },
    },
    {
      "effica": "Virikekerho 2 kertaa/viikko",
      "evaka": {
        "default_option": true,
        "id": "ff6ddcd4-fa8a-11eb-8592-2f2b4e398fcb",
        "name_fi": "Kerho",
        "valid_placement_type": "CLUB",
      },
    },
    {
      "effica": "Varhaiskasvatusaika 0-85 h/kk",
      "evaka": {
        "default_option": false,
        "id": "50358394-b961-11eb-b51f-67ac436e5637",
        "name_fi": "Varhaiskasvatus 85 tuntia / kuukausi",
        "valid_placement_type": "DAYCARE",
      },
    },
    {
      "effica": "Varhaiskasvatusaika 86-120 h/kk",
      "evaka": {
        "default_option": false,
        "id": "86ef70a0-bf85-11eb-91e6-1fb57a101165",
        "name_fi": "Varhaiskasvatus 86–120 tuntia / kuukausi",
        "valid_placement_type": "DAYCARE",
      },
    },
    {
      "effica": "Varhaiskasvatusaika 121-150 h/kk",
      "evaka": {
        "default_option": false,
        "id": "503590f0-b961-11eb-b520-53740af3f7ef",
        "name_fi": "Varhaiskasvatus 121-150 tuntia / kuukausi",
        "valid_placement_type": "DAYCARE",
      },
    },
    {
      "effica": "Varhaiskasvatusaika yli 150 h/kk",
      "evaka": {
        "default_option": false,
        "id": "503591ae-b961-11eb-b521-1fca99358eed",
        "name_fi": "Varhaiskasvatus yli 151 tuntia / kuukausi",
        "valid_placement_type": "DAYCARE",
      },
    },
    {
      "effica": "Esiopetusta täydentävä 0-85 h/kk",
      "evaka": {
        "default_option": false,
        "id": "0a58db0a-6fd1-11ed-a75e-bbde95c1aded",
        "name_fi": "Täydentävä varhaiskasvatus 51–85 tuntia / kuukausi",
        "valid_placement_type": "PRESCHOOL_DAYCARE_ONLY",
      },
    },
    {
      "effica": "Vuorohoito/esiop.täyd. 86-120 h/kk",
      "evaka": {
        "default_option": false,
        "id": "0a58dbe6-6fd1-11ed-a75e-5335f2b9a91c",
        "name_fi": "Täydentävä varhaiskasvatus 86–120 tuntia / kuukausi",
        "valid_placement_type": "PRESCHOOL_DAYCARE_ONLY",
      },
    },
    {
      "effica": "Vuorohoito/esiop.täyd. 121-150 h/kk",
      "evaka": {
        "default_option": false,
        "id": "0a58da38-6fd1-11ed-a75e-9b2790b0b4f5",
        "name_fi": "Täydentävä varhaiskasvatus 121–150 tuntia / kuukausi",
        "valid_placement_type": "PRESCHOOL_DAYCARE_ONLY",
      },
    },
    {
      "effica": "Vuorohoito/esiop.täyd. yli 150 h/kk",
      "evaka": {
        "default_option": false,
        "id": "0a58dcae-6fd1-11ed-a75e-b3e10433b949",
        "name_fi": "Täydentävä varhaiskasvatus yli 151 tuntia / kuukausi",
        "valid_placement_type": "PRESCHOOL_DAYCARE_ONLY",
      },
    },
    {
      "effica": "Esiopetusta täydentävä 86-120 h/kk",
      "evaka": {
        "default_option": false,
        "id": "0a58dbe6-6fd1-11ed-a75e-5335f2b9a91c",
        "name_fi": "Täydentävä varhaiskasvatus 86–120 tuntia / kuukausi",
        "valid_placement_type": "PRESCHOOL_DAYCARE_ONLY",
      },
    },
    {
      "effica": "Esiopetusta täydentävä 121-150 h/kk",
      "evaka": {
        "default_option": false,
        "id": "0a58da38-6fd1-11ed-a75e-9b2790b0b4f5",
        "name_fi": "Täydentävä varhaiskasvatus 121–150 tuntia / kuukausi",
        "valid_placement_type": "PRESCHOOL_DAYCARE_ONLY",
      },
    },
    {
      "effica": "Esiopetusta täydentävä yli 150 h/kk",
      "evaka": {
        "default_option": false,
        "id": "0a58dcae-6fd1-11ed-a75e-b3e10433b949",
        "name_fi": "Täydentävä varhaiskasvatus yli 151 tuntia / kuukausi",
        "valid_placement_type": "PRESCHOOL_DAYCARE_ONLY",
      },
    },
    {
      "effica": "Esiop.täydentävä 0-50 h/kk 08/2024 alk",
      "evaka": {
        "default_option": false,
        "id": "0a58d934-6fd1-11ed-a75e-c353faef5858",
        "name_fi": "Täydentävä varhaiskasvatus 0–50 tuntia / kuukausi",
        "valid_placement_type": "PRESCHOOL_DAYCARE_ONLY",
      },
    },
    {
      "effica": "Esiop.täydentävä 51-85 h/kk 08/2024 alk",
      "evaka": {
        "default_option": false,
        "id": "0a58db0a-6fd1-11ed-a75e-bbde95c1aded",
        "name_fi": "Täydentävä varhaiskasvatus 51–85 tuntia / kuukausi",
        "valid_placement_type": "PRESCHOOL_DAYCARE_ONLY",
      },
    },
  ],
  "voucher": [
    {
      "effica": "Esiopetus 4t/päivä",
      "evaka": {
        "default_option": true,
        "id": "94e44ef1-106b-401d-81b6-8e5c31cd0437",
        "name_fi": "Esiopetus",
        "valid_placement_type": "PRESCHOOL",
      },
    },
    {
      "effica": "Vuorohoito 0-85 h/kk",
      "evaka": {
        "default_option": false,
        "id": "50358394-b961-11eb-b51f-67ac436e5637",
        "name_fi": "Varhaiskasvatus 85 tuntia / kuukausi",
        "valid_placement_type": "DAYCARE",
      },
    },
    {
      "effica": "Vuorohoito 86-120 h/kk",
      "evaka": {
        "default_option": false,
        "id": "86ef70a0-bf85-11eb-91e6-1fb57a101165",
        "name_fi": "Varhaiskasvatus 86–120 tuntia / kuukausi",
        "valid_placement_type": "DAYCARE",
      },
    },
    {
      "effica": "Vuorohoito 121-150 h/kk",
      "evaka": {
        "default_option": false,
        "id": "503590f0-b961-11eb-b520-53740af3f7ef",
        "name_fi": "Varhaiskasvatus 121-150 tuntia / kuukausi",
        "valid_placement_type": "DAYCARE",
      },
    },
    {
      "effica": "Vuorohoito yli 150 h/kk",
      "evaka": {
        "default_option": false,
        "id": "503591ae-b961-11eb-b521-1fca99358eed",
        "name_fi": "Varhaiskasvatus yli 151 tuntia / kuukausi",
        "valid_placement_type": "DAYCARE",
      },
    },
    {
      "effica": "2 v Esiopetuskokeilu 4 h/pv",
      "evaka": {
        "default_option": true,
        "id": "94e44ef1-106b-401d-81b6-8e5c31cd0437",
        "name_fi": "Esiopetus",
        "valid_placement_type": "PRESCHOOL",
      },
    },
    {
      "effica": "Virikekerho 1 kertaa/viikko",
      "evaka": {
        "default_option": true,
        "id": "ff6ddcd4-fa8a-11eb-8592-2f2b4e398fcb",
        "name_fi": "Kerho",
        "valid_placement_type": "CLUB",
      },
    },
    {
      "effica": "Virikekerho 2 kertaa/viikko",
      "evaka": {
        "default_option": true,
        "id": "ff6ddcd4-fa8a-11eb-8592-2f2b4e398fcb",
        "name_fi": "Kerho",
        "valid_placement_type": "CLUB",
      },
    },
    {
      "effica": "Varhaiskasvatusaika 0-85 h/kk",
      "evaka": {
        "default_option": false,
        "id": "50358394-b961-11eb-b51f-67ac436e5637",
        "name_fi": "Varhaiskasvatus 85 tuntia / kuukausi",
        "valid_placement_type": "DAYCARE",
      },
    },
    {
      "effica": "Varhaiskasvatusaika 86-120 h/kk",
      "evaka": {
        "default_option": false,
        "id": "86ef70a0-bf85-11eb-91e6-1fb57a101165",
        "name_fi": "Varhaiskasvatus 86–120 tuntia / kuukausi",
        "valid_placement_type": "DAYCARE",
      },
    },
    {
      "effica": "Varhaiskasvatusaika 121-150 h/kk",
      "evaka": {
        "default_option": false,
        "id": "503590f0-b961-11eb-b520-53740af3f7ef",
        "name_fi": "Varhaiskasvatus 121-150 tuntia / kuukausi",
        "valid_placement_type": "DAYCARE",
      },
    },
    {
      "effica": "Varhaiskasvatusaika yli 150 h/kk",
      "evaka": {
        "default_option": false,
        "id": "503591ae-b961-11eb-b521-1fca99358eed",
        "name_fi": "Varhaiskasvatus yli 151 tuntia / kuukausi",
        "valid_placement_type": "DAYCARE",
      },
    },
    {
      "effica": "Esiopetusta täydentävä 0-85 h/kk",
      "evaka": {
        "default_option": false,
        "id": "fe0972a5-6ce9-41cc-a635-82fb22e7891b",
        "name_fi": "Esiopetusta täydentävä 0-85h/kk (palveluseteli)",
        "valid_placement_type": "PRESCHOOL_DAYCARE_ONLY",
      },
    },
    {
      "effica": "Vuorohoito/esiop.täyd. 86-120 h/kk",
      "evaka": {
        "default_option": false,
        "id": "b3102992-df96-45d5-a1c3-578791c2193c",
        "name_fi": "Esiopetusta täydentävä 86-120h/kk (palveluseteli)",
        "valid_placement_type": "PRESCHOOL_DAYCARE_ONLY",
      },
    },
    {
      "effica": "Vuorohoito/esiop.täyd. 121-150 h/kk",
      "evaka": {
        "default_option": false,
        "id": "000a9d54-dd88-4f71-8489-b7d29e49ae92",
        "name_fi": "Esiopetusta täydentävä 121-150h/kk (palveluseteli)",
        "valid_placement_type": "PRESCHOOL_DAYCARE_ONLY",
      },
    },
    {
      "effica": "Vuorohoito/esiop.täyd. yli 150 h/kk",
      "evaka": {
        "default_option": false,
        "id": "0a58dcae-6fd1-11ed-a75e-b3e10433b949",
        "name_fi": "Täydentävä varhaiskasvatus yli 151 tuntia / kuukausi",
        "valid_placement_type": "PRESCHOOL_DAYCARE_ONLY",
      },
    },
    {
      "effica": "Esiopetusta täydentävä 86-120 h/kk",
      "evaka": {
        "default_option": false,
        "id": "b3102992-df96-45d5-a1c3-578791c2193c",
        "name_fi": "Esiopetusta täydentävä 86-120h/kk (palveluseteli)",
        "valid_placement_type": "PRESCHOOL_DAYCARE_ONLY",
      },
    },
    {
      "effica": "Esiopetusta täydentävä 121-150 h/kk",
      "evaka": {
        "default_option": false,
        "id": "000a9d54-dd88-4f71-8489-b7d29e49ae92",
        "name_fi": "Esiopetusta täydentävä 121-150h/kk (palveluseteli)",
        "valid_placement_type": "PRESCHOOL_DAYCARE_ONLY",
      },
    },
    {
      "effica": "Esiopetusta täydentävä yli 150 h/kk",
      "evaka": {
        "default_option": false,
        "id": "0a58dcae-6fd1-11ed-a75e-b3e10433b949",
        "name_fi": "Täydentävä varhaiskasvatus yli 151 tuntia / kuukausi",
        "valid_placement_type": "PRESCHOOL_DAYCARE_ONLY",
      },
    },
    {
      "effica": "Esiop.täydentävä 0-50 h/kk 08/2024 alk",
      "evaka": {
        "default_option": false,
        "id": "fe0972a5-6ce9-41cc-a635-82fb22e7891b",
        "name_fi": "Esiopetusta täydentävä 0-85h/kk (palveluseteli)",
        "valid_placement_type": "PRESCHOOL_DAYCARE_ONLY",
      },
    },
    {
      "effica": "Esiop.täydentävä 51-85 h/kk 08/2024 alk",
      "evaka": {
        "default_option": false,
        "id": "fe0972a5-6ce9-41cc-a635-82fb22e7891b",
        "name_fi": "Esiopetusta täydentävä 0-85h/kk (palveluseteli)",
        "valid_placement_type": "PRESCHOOL_DAYCARE_ONLY",
      },
    },
  ],
}
`;
