// Jest Snapshot v1, https://goo.gl/fbAQLP

exports[`nokia all placement mappings exists 1`] = `
{
  "municipal": [
    {
      "effica": "Esiopetus 4h/pv",
      "evaka": {
        "default_option": true,
        "id": "94e44ef1-106b-401d-81b6-8e5c31cd0437",
        "name_fi": "Esiopetus",
        "valid_placement_type": "PRESCHOOL",
      },
    },
    {
      "effica": "Hoitoaika 171h-",
      "evaka": {
        "default_option": false,
        "id": "503591ae-b961-11eb-b521-1fca99358eed",
        "name_fi": "Varhaiskasvatus yli 151 tuntia / kuukausi",
        "valid_placement_type": "DAYCARE",
      },
    },
    {
      "effica": "Hoitoaika  0-85h",
      "evaka": {
        "default_option": false,
        "id": "50358394-b961-11eb-b51f-67ac436e5637",
        "name_fi": "Varhaiskasvatus 85 tuntia / kuukausi",
        "valid_placement_type": "DAYCARE",
      },
    },
    {
      "effica": "Vuorohoito 0-85h",
      "evaka": {
        "default_option": false,
        "id": "50358394-b961-11eb-b51f-67ac436e5637",
        "name_fi": "Varhaiskasvatus 85 tuntia / kuukausi",
        "valid_placement_type": "DAYCARE",
      },
    },
    {
      "effica": "Vuorohoito 171h-",
      "evaka": {
        "default_option": false,
        "id": "503591ae-b961-11eb-b521-1fca99358eed",
        "name_fi": "Varhaiskasvatus yli 151 tuntia / kuukausi",
        "valid_placement_type": "DAYCARE",
      },
    },
    {
      "effica": "Hoitoaika  86-120h",
      "evaka": {
        "default_option": false,
        "id": "86ef70a0-bf85-11eb-91e6-1fb57a101165",
        "name_fi": "Varhaiskasvatus 86–120 tuntia / kuukausi",
        "valid_placement_type": "DAYCARE",
      },
    },
    {
      "effica": "Hoitoaika 121-140h",
      "evaka": {
        "default_option": false,
        "id": "503590f0-b961-11eb-b520-53740af3f7ef",
        "name_fi": "Varhaiskasvatus 121-150 tuntia / kuukausi",
        "valid_placement_type": "DAYCARE",
      },
    },
    {
      "effica": "Hoitoaika 141-155h",
      "evaka": {
        "default_option": false,
        "id": "503590f0-b961-11eb-b520-53740af3f7ef",
        "name_fi": "Varhaiskasvatus 121-150 tuntia / kuukausi",
        "valid_placement_type": "DAYCARE",
      },
    },
    {
      "effica": "Hoitoaika 156-170h",
      "evaka": {
        "default_option": false,
        "id": "503591ae-b961-11eb-b521-1fca99358eed",
        "name_fi": "Varhaiskasvatus yli 151 tuntia / kuukausi",
        "valid_placement_type": "DAYCARE",
      },
    },
    {
      "effica": "Vuorohoito 86-120h",
      "evaka": {
        "default_option": false,
        "id": "86ef70a0-bf85-11eb-91e6-1fb57a101165",
        "name_fi": "Varhaiskasvatus 86–120 tuntia / kuukausi",
        "valid_placement_type": "DAYCARE",
      },
    },
    {
      "effica": "Palveluseteli 0-85h",
      "evaka": {
        "default_option": false,
        "id": "36c8c2ed-7543-47de-bc42-14d163a6277d",
        "name_fi": "Palveluseteli 85 tuntia / kuukausi",
        "valid_placement_type": "DAYCARE",
      },
    },
    {
      "effica": "Palveluseteli 140h-",
      "evaka": {
        "default_option": false,
        "id": "f5d32585-2c78-4434-95d6-30b446db7d4d",
        "name_fi": "Palveluseteli yli 140 tuntia / kuukausi",
        "valid_placement_type": "DAYCARE",
      },
    },
    {
      "effica": "Vuorohoito 121-140h",
      "evaka": {
        "default_option": false,
        "id": "503590f0-b961-11eb-b520-53740af3f7ef",
        "name_fi": "Varhaiskasvatus 121-150 tuntia / kuukausi",
        "valid_placement_type": "DAYCARE",
      },
    },
    {
      "effica": "Vuorohoito 141-155h",
      "evaka": {
        "default_option": false,
        "id": "503590f0-b961-11eb-b520-53740af3f7ef",
        "name_fi": "Varhaiskasvatus 121-150 tuntia / kuukausi",
        "valid_placement_type": "DAYCARE",
      },
    },
    {
      "effica": "Vuorohoito 156-170h",
      "evaka": {
        "default_option": false,
        "id": "503591ae-b961-11eb-b521-1fca99358eed",
        "name_fi": "Varhaiskasvatus yli 151 tuntia / kuukausi",
        "valid_placement_type": "DAYCARE",
      },
    },
    {
      "effica": "Palveluseteli 86-139h",
      "evaka": {
        "default_option": false,
        "id": "9eb82822-82ef-46fb-a123-29cf0af757b7",
        "name_fi": "Palveluseteli 86–139 tuntia / kuukausi",
        "valid_placement_type": "DAYCARE",
      },
    },
    {
      "effica": "Esiopetus+hoitoaika 0-50h",
      "evaka": {
        "default_option": false,
        "id": "0a58d934-6fd1-11ed-a75e-c353faef5858",
        "name_fi": "Täydentävä varhaiskasvatus 0–50 tuntia / kuukausi",
        "valid_placement_type": "PRESCHOOL_DAYCARE_ONLY",
      },
    },
    {
      "effica": "2-v Esiopetuskokeilu 4 h/pv",
      "evaka": {
        "default_option": true,
        "id": "94e44ef1-106b-401d-81b6-8e5c31cd0437",
        "name_fi": "Esiopetus",
        "valid_placement_type": "PRESCHOOL",
      },
    },
    {
      "effica": "Esiopetus+hoitoaika  51-85h",
      "evaka": {
        "default_option": false,
        "id": "0a58db0a-6fd1-11ed-a75e-bbde95c1aded",
        "name_fi": "Täydentävä varhaiskasvatus 51–85 tuntia / kuukausi",
        "valid_placement_type": "PRESCHOOL_DAYCARE_ONLY",
      },
    },
    {
      "effica": "Esiopetus+vuorohoito 51-85h",
      "evaka": {
        "default_option": false,
        "id": "0a58db0a-6fd1-11ed-a75e-bbde95c1aded",
        "name_fi": "Täydentävä varhaiskasvatus 51–85 tuntia / kuukausi",
        "valid_placement_type": "PRESCHOOL_DAYCARE_ONLY",
      },
    },
    {
      "effica": "Esiopetus+hoitoaika  86-120h",
      "evaka": {
        "default_option": false,
        "id": "0a58dbe6-6fd1-11ed-a75e-5335f2b9a91c",
        "name_fi": "Täydentävä varhaiskasvatus 86–120 tuntia / kuukausi",
        "valid_placement_type": "PRESCHOOL_DAYCARE_ONLY",
      },
    },
    {
      "effica": "Esiopetus+hoitoaika 121-140h",
      "evaka": {
        "default_option": false,
        "id": "0a58da38-6fd1-11ed-a75e-9b2790b0b4f5",
        "name_fi": "Täydentävä varhaiskasvatus 121–150 tuntia / kuukausi",
        "valid_placement_type": "PRESCHOOL_DAYCARE_ONLY",
      },
    },
    {
      "effica": "Esiopetus+hoitoaika 141-155h",
      "evaka": {
        "default_option": false,
        "id": "0a58da38-6fd1-11ed-a75e-9b2790b0b4f5",
        "name_fi": "Täydentävä varhaiskasvatus 121–150 tuntia / kuukausi",
        "valid_placement_type": "PRESCHOOL_DAYCARE_ONLY",
      },
    },
    {
      "effica": "Esiopetus+hoitoaika 156-170h",
      "evaka": {
        "default_option": false,
        "id": "0a58dcae-6fd1-11ed-a75e-b3e10433b949",
        "name_fi": "Täydentävä varhaiskasvatus yli 151 tuntia / kuukausi",
        "valid_placement_type": "PRESCHOOL_DAYCARE_ONLY",
      },
    },
    {
      "effica": "Esiopetus+vuorohoito 156-170",
      "evaka": {
        "default_option": false,
        "id": "0a58dcae-6fd1-11ed-a75e-b3e10433b949",
        "name_fi": "Täydentävä varhaiskasvatus yli 151 tuntia / kuukausi",
        "valid_placement_type": "PRESCHOOL_DAYCARE_ONLY",
      },
    },
    {
      "effica": "Esiopetus+vuorohoito 86-120h",
      "evaka": {
        "default_option": false,
        "id": "0a58dbe6-6fd1-11ed-a75e-5335f2b9a91c",
        "name_fi": "Täydentävä varhaiskasvatus 86–120 tuntia / kuukausi",
        "valid_placement_type": "PRESCHOOL_DAYCARE_ONLY",
      },
    },
    {
      "effica": "Esiopetus+palveluseteli 0-50h",
      "evaka": {
        "default_option": false,
        "id": "fe0972a5-6ce9-41cc-a635-82fb22e7891b",
        "name_fi": "Esiopetusta täydentävä 0-85h/kk (palveluseteli)",
        "valid_placement_type": "PRESCHOOL_DAYCARE_ONLY",
      },
    },
    {
      "effica": "Esiopetus+vuorohoito 121-140h",
      "evaka": {
        "default_option": false,
        "id": "0a58da38-6fd1-11ed-a75e-9b2790b0b4f5",
        "name_fi": "Täydentävä varhaiskasvatus 121–150 tuntia / kuukausi",
        "valid_placement_type": "PRESCHOOL_DAYCARE_ONLY",
      },
    },
    {
      "effica": "Esiopetus+vuorohoito 141-155h",
      "evaka": {
        "default_option": false,
        "id": "0a58da38-6fd1-11ed-a75e-9b2790b0b4f5",
        "name_fi": "Täydentävä varhaiskasvatus 121–150 tuntia / kuukausi",
        "valid_placement_type": "PRESCHOOL_DAYCARE_ONLY",
      },
    },
    {
      "effica": "Esiopetus+palveluseteli 51-85h",
      "evaka": {
        "default_option": false,
        "id": "fe0972a5-6ce9-41cc-a635-82fb22e7891b",
        "name_fi": "Esiopetusta täydentävä 0-85h/kk (palveluseteli)",
        "valid_placement_type": "PRESCHOOL_DAYCARE_ONLY",
      },
    },
    {
      "effica": "Esiopetus+palveluseteli 86-139h",
      "evaka": {
        "default_option": false,
        "id": "b3102992-df96-45d5-a1c3-578791c2193c",
        "name_fi": "Esiopetusta täydentävä 86-139h/kk (palveluseteli)",
        "valid_placement_type": "PRESCHOOL_DAYCARE_ONLY",
      },
    },
  ],
  "voucher": [
    {
      "effica": "Esiopetus 4h/pv",
      "evaka": {
        "default_option": true,
        "id": "94e44ef1-106b-401d-81b6-8e5c31cd0437",
        "name_fi": "Esiopetus",
        "valid_placement_type": "PRESCHOOL",
      },
    },
    {
      "effica": "Hoitoaika 171h-",
      "evaka": {
        "default_option": false,
        "id": "503591ae-b961-11eb-b521-1fca99358eed",
        "name_fi": "Varhaiskasvatus yli 151 tuntia / kuukausi",
        "valid_placement_type": "DAYCARE",
      },
    },
    {
      "effica": "Hoitoaika  0-85h",
      "evaka": {
        "default_option": false,
        "id": "50358394-b961-11eb-b51f-67ac436e5637",
        "name_fi": "Varhaiskasvatus 85 tuntia / kuukausi",
        "valid_placement_type": "DAYCARE",
      },
    },
    {
      "effica": "Vuorohoito 0-85h",
      "evaka": {
        "default_option": false,
        "id": "50358394-b961-11eb-b51f-67ac436e5637",
        "name_fi": "Varhaiskasvatus 85 tuntia / kuukausi",
        "valid_placement_type": "DAYCARE",
      },
    },
    {
      "effica": "Vuorohoito 171h-",
      "evaka": {
        "default_option": false,
        "id": "503591ae-b961-11eb-b521-1fca99358eed",
        "name_fi": "Varhaiskasvatus yli 151 tuntia / kuukausi",
        "valid_placement_type": "DAYCARE",
      },
    },
    {
      "effica": "Hoitoaika  86-120h",
      "evaka": {
        "default_option": false,
        "id": "86ef70a0-bf85-11eb-91e6-1fb57a101165",
        "name_fi": "Varhaiskasvatus 86–120 tuntia / kuukausi",
        "valid_placement_type": "DAYCARE",
      },
    },
    {
      "effica": "Hoitoaika 121-140h",
      "evaka": {
        "default_option": false,
        "id": "503590f0-b961-11eb-b520-53740af3f7ef",
        "name_fi": "Varhaiskasvatus 121-150 tuntia / kuukausi",
        "valid_placement_type": "DAYCARE",
      },
    },
    {
      "effica": "Hoitoaika 141-155h",
      "evaka": {
        "default_option": false,
        "id": "503590f0-b961-11eb-b520-53740af3f7ef",
        "name_fi": "Varhaiskasvatus 121-150 tuntia / kuukausi",
        "valid_placement_type": "DAYCARE",
      },
    },
    {
      "effica": "Hoitoaika 156-170h",
      "evaka": {
        "default_option": false,
        "id": "503591ae-b961-11eb-b521-1fca99358eed",
        "name_fi": "Varhaiskasvatus yli 151 tuntia / kuukausi",
        "valid_placement_type": "DAYCARE",
      },
    },
    {
      "effica": "Vuorohoito 86-120h",
      "evaka": {
        "default_option": false,
        "id": "86ef70a0-bf85-11eb-91e6-1fb57a101165",
        "name_fi": "Varhaiskasvatus 86–120 tuntia / kuukausi",
        "valid_placement_type": "DAYCARE",
      },
    },
    {
      "effica": "Palveluseteli 0-85h",
      "evaka": {
        "default_option": false,
        "id": "36c8c2ed-7543-47de-bc42-14d163a6277d",
        "name_fi": "Palveluseteli 85 tuntia / kuukausi",
        "valid_placement_type": "DAYCARE",
      },
    },
    {
      "effica": "Palveluseteli 140h-",
      "evaka": {
        "default_option": false,
        "id": "f5d32585-2c78-4434-95d6-30b446db7d4d",
        "name_fi": "Palveluseteli yli 140 tuntia / kuukausi",
        "valid_placement_type": "DAYCARE",
      },
    },
    {
      "effica": "Vuorohoito 121-140h",
      "evaka": {
        "default_option": false,
        "id": "503590f0-b961-11eb-b520-53740af3f7ef",
        "name_fi": "Varhaiskasvatus 121-150 tuntia / kuukausi",
        "valid_placement_type": "DAYCARE",
      },
    },
    {
      "effica": "Vuorohoito 141-155h",
      "evaka": {
        "default_option": false,
        "id": "503590f0-b961-11eb-b520-53740af3f7ef",
        "name_fi": "Varhaiskasvatus 121-150 tuntia / kuukausi",
        "valid_placement_type": "DAYCARE",
      },
    },
    {
      "effica": "Vuorohoito 156-170h",
      "evaka": {
        "default_option": false,
        "id": "503591ae-b961-11eb-b521-1fca99358eed",
        "name_fi": "Varhaiskasvatus yli 151 tuntia / kuukausi",
        "valid_placement_type": "DAYCARE",
      },
    },
    {
      "effica": "Palveluseteli 86-139h",
      "evaka": {
        "default_option": false,
        "id": "9eb82822-82ef-46fb-a123-29cf0af757b7",
        "name_fi": "Palveluseteli 86–139 tuntia / kuukausi",
        "valid_placement_type": "DAYCARE",
      },
    },
    {
      "effica": "Esiopetus+hoitoaika 0-50h",
      "evaka": {
        "default_option": false,
        "id": "0a58d934-6fd1-11ed-a75e-c353faef5858",
        "name_fi": "Täydentävä varhaiskasvatus 0–50 tuntia / kuukausi",
        "valid_placement_type": "PRESCHOOL_DAYCARE_ONLY",
      },
    },
    {
      "effica": "2-v Esiopetuskokeilu 4 h/pv",
      "evaka": {
        "default_option": true,
        "id": "94e44ef1-106b-401d-81b6-8e5c31cd0437",
        "name_fi": "Esiopetus",
        "valid_placement_type": "PRESCHOOL",
      },
    },
    {
      "effica": "Esiopetus+hoitoaika  51-85h",
      "evaka": {
        "default_option": false,
        "id": "0a58db0a-6fd1-11ed-a75e-bbde95c1aded",
        "name_fi": "Täydentävä varhaiskasvatus 51–85 tuntia / kuukausi",
        "valid_placement_type": "PRESCHOOL_DAYCARE_ONLY",
      },
    },
    {
      "effica": "Esiopetus+vuorohoito 51-85h",
      "evaka": {
        "default_option": false,
        "id": "0a58db0a-6fd1-11ed-a75e-bbde95c1aded",
        "name_fi": "Täydentävä varhaiskasvatus 51–85 tuntia / kuukausi",
        "valid_placement_type": "PRESCHOOL_DAYCARE_ONLY",
      },
    },
    {
      "effica": "Esiopetus+hoitoaika  86-120h",
      "evaka": {
        "default_option": false,
        "id": "0a58dbe6-6fd1-11ed-a75e-5335f2b9a91c",
        "name_fi": "Täydentävä varhaiskasvatus 86–120 tuntia / kuukausi",
        "valid_placement_type": "PRESCHOOL_DAYCARE_ONLY",
      },
    },
    {
      "effica": "Esiopetus+hoitoaika 121-140h",
      "evaka": {
        "default_option": false,
        "id": "0a58da38-6fd1-11ed-a75e-9b2790b0b4f5",
        "name_fi": "Täydentävä varhaiskasvatus 121–150 tuntia / kuukausi",
        "valid_placement_type": "PRESCHOOL_DAYCARE_ONLY",
      },
    },
    {
      "effica": "Esiopetus+hoitoaika 141-155h",
      "evaka": {
        "default_option": false,
        "id": "0a58da38-6fd1-11ed-a75e-9b2790b0b4f5",
        "name_fi": "Täydentävä varhaiskasvatus 121–150 tuntia / kuukausi",
        "valid_placement_type": "PRESCHOOL_DAYCARE_ONLY",
      },
    },
    {
      "effica": "Esiopetus+hoitoaika 156-170h",
      "evaka": {
        "default_option": false,
        "id": "0a58dcae-6fd1-11ed-a75e-b3e10433b949",
        "name_fi": "Täydentävä varhaiskasvatus yli 151 tuntia / kuukausi",
        "valid_placement_type": "PRESCHOOL_DAYCARE_ONLY",
      },
    },
    {
      "effica": "Esiopetus+vuorohoito 156-170",
      "evaka": {
        "default_option": false,
        "id": "0a58dcae-6fd1-11ed-a75e-b3e10433b949",
        "name_fi": "Täydentävä varhaiskasvatus yli 151 tuntia / kuukausi",
        "valid_placement_type": "PRESCHOOL_DAYCARE_ONLY",
      },
    },
    {
      "effica": "Esiopetus+vuorohoito 86-120h",
      "evaka": {
        "default_option": false,
        "id": "0a58dbe6-6fd1-11ed-a75e-5335f2b9a91c",
        "name_fi": "Täydentävä varhaiskasvatus 86–120 tuntia / kuukausi",
        "valid_placement_type": "PRESCHOOL_DAYCARE_ONLY",
      },
    },
    {
      "effica": "Esiopetus+palveluseteli 0-50h",
      "evaka": {
        "default_option": false,
        "id": "fe0972a5-6ce9-41cc-a635-82fb22e7891b",
        "name_fi": "Esiopetusta täydentävä 0-85h/kk (palveluseteli)",
        "valid_placement_type": "PRESCHOOL_DAYCARE_ONLY",
      },
    },
    {
      "effica": "Esiopetus+vuorohoito 121-140h",
      "evaka": {
        "default_option": false,
        "id": "0a58da38-6fd1-11ed-a75e-9b2790b0b4f5",
        "name_fi": "Täydentävä varhaiskasvatus 121–150 tuntia / kuukausi",
        "valid_placement_type": "PRESCHOOL_DAYCARE_ONLY",
      },
    },
    {
      "effica": "Esiopetus+vuorohoito 141-155h",
      "evaka": {
        "default_option": false,
        "id": "0a58da38-6fd1-11ed-a75e-9b2790b0b4f5",
        "name_fi": "Täydentävä varhaiskasvatus 121–150 tuntia / kuukausi",
        "valid_placement_type": "PRESCHOOL_DAYCARE_ONLY",
      },
    },
    {
      "effica": "Esiopetus+palveluseteli 51-85h",
      "evaka": {
        "default_option": false,
        "id": "fe0972a5-6ce9-41cc-a635-82fb22e7891b",
        "name_fi": "Esiopetusta täydentävä 0-85h/kk (palveluseteli)",
        "valid_placement_type": "PRESCHOOL_DAYCARE_ONLY",
      },
    },
    {
      "effica": "Esiopetus+palveluseteli 86-139h",
      "evaka": {
        "default_option": false,
        "id": "b3102992-df96-45d5-a1c3-578791c2193c",
        "name_fi": "Esiopetusta täydentävä 86-139h/kk (palveluseteli)",
        "valid_placement_type": "PRESCHOOL_DAYCARE_ONLY",
      },
    },
  ],
}
`;
