// Jest Snapshot v1, https://goo.gl/fbAQLP

exports[`GET /transform positive should return transformed departments 1`] = `
Array [
  Object {
    "daycare_id": "8eb2ca00-d40f-11eb-b97b-5b7a72ae2099",
    "effica_id": 1231,
    "end_date": null,
    "id": Any<String>,
    "name": "Tenhon terhot",
    "start_date": Any<String>,
  },
  Object {
    "daycare_id": "8eb2caf0-d40f-11eb-b97b-5f3e4474ff3b",
    "effica_id": 1251,
    "end_date": null,
    "id": Any<String>,
    "name": "Tujun tupajumit",
    "start_date": Any<String>,
  },
]
`;

exports[`GET /transform positive should return transformed families 1`] = `
Object {
  "child": Array [
    Object {
      "child_id": Any<String>,
      "child_ssn": "251118A9509",
      "end_date": Any<String>,
      "family_number": 1,
      "head_of_family": Any<String>,
      "hof_ssn": "020967-9992",
      "start_date": Any<String>,
    },
    Object {
      "child_id": Any<String>,
      "child_ssn": "010619A9501",
      "end_date": null,
      "family_number": 2,
      "head_of_family": Any<String>,
      "hof_ssn": "020967-9992",
      "start_date": Any<String>,
    },
    Object {
      "child_id": Any<String>,
      "child_ssn": "251118A9509",
      "end_date": null,
      "family_number": 2,
      "head_of_family": Any<String>,
      "hof_ssn": "020967-9992",
      "start_date": Any<String>,
    },
  ],
  "partner": Array [
    Object {
      "effica_ssn": "020967-9992",
      "end_date": Any<String>,
      "family_number": 1,
      "indx": 1,
      "partnership_id": Any<String>,
      "person_id": Any<String>,
      "start_date": Any<String>,
    },
    Object {
      "effica_ssn": "180476-998M",
      "end_date": Any<String>,
      "family_number": 1,
      "indx": 2,
      "partnership_id": Any<String>,
      "person_id": Any<String>,
      "start_date": Any<String>,
    },
    Object {
      "effica_ssn": "020967-9992",
      "end_date": null,
      "family_number": 2,
      "indx": 1,
      "partnership_id": Any<String>,
      "person_id": Any<String>,
      "start_date": Any<String>,
    },
    Object {
      "effica_ssn": "180476-998M",
      "end_date": null,
      "family_number": 2,
      "indx": 2,
      "partnership_id": Any<String>,
      "person_id": Any<String>,
      "start_date": Any<String>,
    },
  ],
}
`;

exports[`GET /transform positive should return transformed persons 1`] = `
Array [
  Object {
    "date_of_birth": Any<String>,
    "effica_ssn": "020967-9992",
    "email": "fake@notmaildomain.notext",
    "first_name": "Aimo",
    "id": Any<String>,
    "language": Array [
      "fi",
    ],
    "last_name": "Authentic",
    "phone": "000-0000000",
    "post_office": "Ypäjä",
    "postal_code": "1",
    "restricted_details_enabled": false,
    "social_security_number": "020967-9992",
    "street_address": "Fakestreet 123",
  },
  Object {
    "date_of_birth": Any<String>,
    "effica_ssn": "020288-TP01",
    "email": "fake2@notmaildomain.notext",
    "first_name": "Teppo",
    "id": Any<String>,
    "language": Array [
      "fi",
    ],
    "last_name": "Temporary",
    "phone": "111-1111111",
    "post_office": "Ypäjä",
    "postal_code": "2",
    "restricted_details_enabled": false,
    "social_security_number": null,
    "street_address": "StreetStreet 321",
  },
  Object {
    "date_of_birth": Any<String>,
    "effica_ssn": "180476-998M",
    "email": "fake3@notmaildomain.notext",
    "first_name": "Hilda",
    "id": Any<String>,
    "language": Array [
      "fi",
    ],
    "last_name": "Hidden",
    "phone": "222-2222222",
    "post_office": "",
    "postal_code": "",
    "restricted_details_enabled": true,
    "social_security_number": "180476-998M",
    "street_address": "",
  },
  Object {
    "date_of_birth": Any<String>,
    "effica_ssn": "010619A9501",
    "email": "fake3@notmaildomain.notext",
    "first_name": "Christian",
    "id": Any<String>,
    "language": Array [
      "fi",
    ],
    "last_name": "Child",
    "phone": "222-2222222",
    "post_office": "Ypäjä",
    "postal_code": "1",
    "restricted_details_enabled": false,
    "social_security_number": "010619A9501",
    "street_address": "HideStreet 2",
  },
  Object {
    "date_of_birth": Any<String>,
    "effica_ssn": "251118A9509",
    "email": "fake3@notmaildomain.notext",
    "first_name": "Camilla",
    "id": Any<String>,
    "language": Array [
      "fi",
    ],
    "last_name": "Child",
    "phone": "222-2222222",
    "post_office": "Tenhola",
    "postal_code": "12000",
    "restricted_details_enabled": false,
    "social_security_number": "251118A9509",
    "street_address": "HideStreet 2",
  },
]
`;
