// Jest Snapshot v1, https://goo.gl/fbAQLP

exports[`GET /transform positive should return transformed application 1`] = `
Array [
  Object {
    "additionaldaycareapplication": false,
    "checkedbyadmin": false,
    "child_id": Any<String>,
    "created": Any<String>,
    "duedate": null,
    "duedate_set_manually_at": null,
    "form": Object {
      "application_id": Any<String>,
      "created": Any<String>,
      "document": Object {
        "additionalDetails": Object {
          "allergyType": "",
          "dietType": "",
          "otherInfo": "",
        },
        "apply": Object {
          "preferredUnits": Array [],
          "siblingBasis": false,
          "siblingName": "",
          "siblingSsn": "",
        },
        "careDetails": Object {
          "assistanceDescription": "",
          "assistanceNeeded": false,
          "preparatory": null,
        },
        "child": Object {
          "address": Object {
            "city": "Ypäjä",
            "editable": false,
            "postalCode": "1",
            "street": "HideStreet 2",
          },
          "childMovingDate": null,
          "correctingAddress": Object {
            "city": "",
            "editable": true,
            "postalCode": "",
            "street": "",
          },
          "dateOfBirth": "2019-06-01T00:00:00.000Z",
          "firstName": "Christian",
          "hasCorrectingAddress": false,
          "language": "fi",
          "lastName": "Child",
          "nationality": "FIN",
          "restricted": false,
          "socialSecurityNumber": "010619A9501",
        },
        "connectedDaycare": null,
        "docVersion": 0,
        "extendedCare": false,
        "guardian": Object {
          "address": Object {
            "city": "Ypäjä",
            "editable": false,
            "postalCode": "1",
            "street": "Fakestreet 123",
          },
          "correctingAddress": Object {
            "city": "",
            "editable": true,
            "postalCode": "",
            "street": "",
          },
          "email": "fake@notmaildomain.notext",
          "firstName": "Aimo",
          "guardianMovingDate": null,
          "hasCorrectingAddress": false,
          "lastName": "Authentic",
          "phoneNumber": "000-0000000",
          "restricted": false,
          "socialSecurityNumber": "020967-9992",
        },
        "guardian2": null,
        "hasOtherAdults": false,
        "hasOtherChildren": false,
        "maxFeeAccepted": false,
        "otherAdults": Array [],
        "otherChildren": Array [],
        "otherGuardianAgreementStatus": null,
        "partTime": false,
        "preferredStartDate": null,
        "serviceEnd": "",
        "serviceNeedOption": null,
        "serviceStart": "",
        "type": "DAYCARE",
        "urgent": false,
      },
      "id": Any<String>,
      "latest": true,
      "revision": "1",
      "updated": Any<String>,
    },
    "guardian_id": Any<String>,
    "hidefromguardian": false,
    "id": Any<String>,
    "origin": "ELECTRONIC",
    "other_guardian_id": null,
    "sentdate": "2021-08-01T00:00:00.000Z",
    "status": "SENT",
    "transferapplication": false,
    "updated": Any<String>,
  },
]
`;

exports[`GET /transform positive should return transformed departments 1`] = `
Array [
  Object {
    "daycare_id": "19fec146-e2f1-11eb-8473-db55258254c5",
    "effica_id": 1231,
    "end_date": null,
    "id": Any<String>,
    "name": "Tenhon terhot",
    "start_date": Any<String>,
  },
  Object {
    "daycare_id": "19fec1fa-e2f1-11eb-8473-eb1f7ce94b07",
    "effica_id": 1251,
    "end_date": null,
    "id": Any<String>,
    "name": "Tujun tupajumit",
    "start_date": Any<String>,
  },
]
`;

exports[`GET /transform positive should return transformed families 1`] = `
Object {
  "child": Array [
    Object {
      "child_id": Any<String>,
      "child_ssn": "251118A9509",
      "end_date": "2020-11-30T00:00:00.000Z",
      "family_number": 1,
      "head_of_family": Any<String>,
      "hof_ssn": "020967-9992",
      "start_date": Any<String>,
    },
    Object {
      "child_id": Any<String>,
      "child_ssn": "010619A9501",
      "end_date": "9999-01-01T00:00:00.000Z",
      "family_number": 2,
      "head_of_family": Any<String>,
      "hof_ssn": "020967-9992",
      "start_date": Any<String>,
    },
    Object {
      "child_id": Any<String>,
      "child_ssn": "251118A9509",
      "end_date": "9999-01-01T00:00:00.000Z",
      "family_number": 2,
      "head_of_family": Any<String>,
      "hof_ssn": "020967-9992",
      "start_date": Any<String>,
    },
  ],
  "partner": Array [
    Object {
      "effica_ssn": "020967-9992",
      "end_date": "2020-11-30T00:00:00.000Z",
      "family_number": 1,
      "indx": 1,
      "partnership_id": Any<String>,
      "person_id": Any<String>,
      "start_date": Any<String>,
    },
    Object {
      "effica_ssn": "180476-998M",
      "end_date": "2020-11-30T00:00:00.000Z",
      "family_number": 1,
      "indx": 2,
      "partnership_id": Any<String>,
      "person_id": Any<String>,
      "start_date": Any<String>,
    },
    Object {
      "effica_ssn": "020967-9992",
      "end_date": "9999-01-01T00:00:00.000Z",
      "family_number": 2,
      "indx": 1,
      "partnership_id": Any<String>,
      "person_id": Any<String>,
      "start_date": Any<String>,
    },
    Object {
      "effica_ssn": "180476-998M",
      "end_date": "9999-01-01T00:00:00.000Z",
      "family_number": 2,
      "indx": 2,
      "partnership_id": Any<String>,
      "person_id": Any<String>,
      "start_date": Any<String>,
    },
  ],
}
`;

exports[`GET /transform positive should return transformed feedeviations 1`] = `
Array [
  Object {
    "amount": 10,
    "id": Any<String>,
    "is_absolute": true,
    "notes": "ALENNUS AP/IP",
    "person_id": Any<String>,
    "type": "DISCOUNT",
    "valid_from": "2020-03-01T00:00:00.000Z",
    "valid_to": null,
  },
]
`;

exports[`GET /transform positive should return transformed income 1`] = `
Array [
  Object {
    "application_id": null,
    "data": Object {
      "MAIN_INCOME": Object {
        "amount": 450060,
        "coefficient": "MONTHLY_NO_HOLIDAY_BONUS",
      },
      "OTHER_INCOME": Object {
        "amount": 56000,
        "coefficient": "MONTHLY_NO_HOLIDAY_BONUS",
      },
    },
    "effect": "INCOME",
    "id": Any<String>,
    "income_total": 506060,
    "is_entrepreneur": false,
    "notes": "",
    "person_id": Any<String>,
    "person_ssn": "020967-9992",
    "valid_from": Any<String>,
    "valid_to": null,
  },
  Object {
    "application_id": null,
    "data": Object {
      "MAIN_INCOME": Object {
        "amount": 5000000,
        "coefficient": "MONTHLY_NO_HOLIDAY_BONUS",
      },
    },
    "effect": "INCOME",
    "id": Any<String>,
    "income_total": 5000000,
    "is_entrepreneur": false,
    "notes": "",
    "person_id": Any<String>,
    "person_ssn": "180476-998M",
    "valid_from": Any<String>,
    "valid_to": Any<String>,
  },
]
`;

exports[`GET /transform positive should return transformed persons 1`] = `
Array [
  Object {
    "date_of_birth": Any<String>,
    "effica_ssn": "020967-9992",
    "email": "fake@notmaildomain.notext",
    "first_name": "Aimo",
    "id": Any<String>,
    "language": "fi",
    "last_name": "Authentic",
    "nationalities": Array [],
    "phone": "000-0000000",
    "post_office": "Ypäjä",
    "postal_code": "1",
    "restricted_details_enabled": false,
    "social_security_number": "020967-9992",
    "street_address": "Fakestreet 123",
  },
  Object {
    "date_of_birth": Any<String>,
    "effica_ssn": "020288-TP01",
    "email": "fake2@notmaildomain.notext",
    "first_name": "Teppo",
    "id": Any<String>,
    "language": "fi",
    "last_name": "Temporary",
    "nationalities": Array [],
    "phone": "111-1111111",
    "post_office": "Ypäjä",
    "postal_code": "2",
    "restricted_details_enabled": false,
    "social_security_number": null,
    "street_address": "StreetStreet 321",
  },
  Object {
    "date_of_birth": Any<String>,
    "effica_ssn": "180476-998M",
    "email": "fake3@notmaildomain.notext",
    "first_name": "Hilda",
    "id": Any<String>,
    "language": "fi",
    "last_name": "Hidden",
    "nationalities": Array [],
    "phone": "222-2222222",
    "post_office": "",
    "postal_code": "",
    "restricted_details_enabled": true,
    "social_security_number": "180476-998M",
    "street_address": "",
  },
  Object {
    "date_of_birth": Any<String>,
    "effica_ssn": "010619A9501",
    "email": "fake3@notmaildomain.notext",
    "first_name": "Christian",
    "id": Any<String>,
    "language": "fi",
    "last_name": "Child",
    "nationalities": Array [],
    "phone": "222-2222222",
    "post_office": "Ypäjä",
    "postal_code": "1",
    "restricted_details_enabled": false,
    "social_security_number": "010619A9501",
    "street_address": "HideStreet 2",
  },
  Object {
    "date_of_birth": Any<String>,
    "effica_ssn": "251118A9509",
    "email": "fake3@notmaildomain.notext",
    "first_name": "Camilla",
    "id": Any<String>,
    "language": "fi",
    "last_name": "Child",
    "nationalities": Array [],
    "phone": "222-2222222",
    "post_office": "Tenhola",
    "postal_code": "12000",
    "restricted_details_enabled": false,
    "social_security_number": "251118A9509",
    "street_address": "HideStreet 2",
  },
]
`;

exports[`GET /transform positive should return transformed placements 1`] = `
Object {
  "placements": Array [
    Object {
      "child_id": Any<String>,
      "daycare_group_id": Any<String>,
      "effica_placement_nbr": 11,
      "effica_ssn": "010619A9501",
      "end_date": "2021-02-28T00:00:00.000Z",
      "id": Any<String>,
      "start_date": "2020-03-01T00:00:00.000Z",
      "type": "DAYCARE",
      "unit_id": "19fec146-e2f1-11eb-8473-db55258254c5",
    },
    Object {
      "child_id": Any<String>,
      "daycare_group_id": Any<String>,
      "effica_placement_nbr": 12,
      "effica_ssn": "010619A9501",
      "end_date": "2025-07-31T00:00:00.000Z",
      "id": Any<String>,
      "start_date": "2021-03-01T00:00:00.000Z",
      "type": "DAYCARE",
      "unit_id": "19fec146-e2f1-11eb-8473-db55258254c5",
    },
    Object {
      "child_id": Any<String>,
      "daycare_group_id": null,
      "effica_placement_nbr": 13,
      "effica_ssn": "251118A9509",
      "end_date": "2020-12-31T00:00:00.000Z",
      "id": Any<String>,
      "start_date": "2020-03-01T00:00:00.000Z",
      "type": "DAYCARE_PART_TIME",
      "unit_id": "19fec1fa-e2f1-11eb-8473-eb1f7ce94b07",
    },
  ],
  "placementsTodo": Array [
    Object {
      "child_id": Any<String>,
      "daycare_group_id": null,
      "effica_placement_nbr": 14,
      "effica_ssn": "251118A9509",
      "end_date": "2021-12-31T00:00:00.000Z",
      "id": Any<String>,
      "reason": "OVERLAPPING PLACEMENT",
      "start_date": "2021-01-01T00:00:00.000Z",
      "type": "DAYCARE",
      "unit_id": "19fec1fa-e2f1-11eb-8473-eb1f7ce94b07",
    },
    Object {
      "child_id": Any<String>,
      "daycare_group_id": null,
      "effica_placement_nbr": 15,
      "effica_ssn": "251118A9509",
      "end_date": "2024-07-31T00:00:00.000Z",
      "id": Any<String>,
      "reason": "OVERLAPPING PLACEMENT",
      "start_date": "2021-08-01T00:00:00.000Z",
      "type": "DAYCARE",
      "unit_id": "19fec1fa-e2f1-11eb-8473-eb1f7ce94b07",
    },
  ],
  "serviceNeeds": Array [
    Object {
      "effica_extent_code": "100",
      "effica_extent_nbr": 1,
      "effica_placement_nbr": 11,
      "end_date": "2021-02-28T00:00:00.000Z",
      "id": Any<String>,
      "option_id": "86ef70a0-bf85-11eb-91e6-1fb57a101161",
      "placement_id": Any<String>,
      "start_date": "2020-03-01T00:00:00.000Z",
    },
    Object {
      "effica_extent_code": "101",
      "effica_extent_nbr": 2,
      "effica_placement_nbr": 13,
      "end_date": "2020-12-31T00:00:00.000Z",
      "id": Any<String>,
      "option_id": "86ef7370-bf85-11eb-91e7-6fcd728c518d",
      "placement_id": Any<String>,
      "start_date": "2020-03-01T00:00:00.000Z",
    },
  ],
  "serviceNeedsTodo": Array [],
}
`;
