// Jest Snapshot v1, https://goo.gl/fbAQLP

exports[`vesilahti all placement mappings exists 1`] = `
{
  "municipal": [
    {
      "effica": "Vuorohoito 121-140h",
      "evaka": {
        "default_option": false,
        "id": "503590f0-b961-11eb-b520-53740af3f7ef",
        "name_fi": "Varhaiskasvatus 121-150 tuntia / kuukausi",
        "valid_placement_type": "DAYCARE",
      },
    },
    {
      "effica": "Vuorohoito 141-155h",
      "evaka": {
        "default_option": false,
        "id": "503590f0-b961-11eb-b520-53740af3f7ef",
        "name_fi": "Varhaiskasvatus 121-150 tuntia / kuukausi",
        "valid_placement_type": "DAYCARE",
      },
    },
    {
      "effica": "Vuorohoito 156-170h",
      "evaka": {
        "default_option": false,
        "id": "503591ae-b961-11eb-b521-1fca99358eed",
        "name_fi": "Varhaiskasvatus yli 151 tuntia / kuukausi",
        "valid_placement_type": "DAYCARE",
      },
    },
    {
      "effica": "Vuorohoito yli 170 h",
      "evaka": {
        "default_option": false,
        "id": "503591ae-b961-11eb-b521-1fca99358eed",
        "name_fi": "Varhaiskasvatus yli 151 tuntia / kuukausi",
        "valid_placement_type": "DAYCARE",
      },
    },
    {
      "effica": "Varhaiskasvatus 0-90h",
      "evaka": {
        "default_option": false,
        "id": "50358394-b961-11eb-b51f-67ac436e5637",
        "name_fi": "Varhaiskasvatus 85 tuntia / kuukausi",
        "valid_placement_type": "DAYCARE",
      },
    },
    {
      "effica": "Varhaiskasvatus 91-120h",
      "evaka": {
        "default_option": false,
        "id": "86ef70a0-bf85-11eb-91e6-1fb57a101165",
        "name_fi": "Varhaiskasvatus 86–120 tuntia / kuukausi",
        "valid_placement_type": "DAYCARE",
      },
    },
    {
      "effica": "Varhaiskasvatus 121-140h",
      "evaka": {
        "default_option": false,
        "id": "503590f0-b961-11eb-b520-53740af3f7ef",
        "name_fi": "Varhaiskasvatus 121-150 tuntia / kuukausi",
        "valid_placement_type": "DAYCARE",
      },
    },
    {
      "effica": "Varhaiskasvatus 141-155h",
      "evaka": {
        "default_option": false,
        "id": "503590f0-b961-11eb-b520-53740af3f7ef",
        "name_fi": "Varhaiskasvatus 121-150 tuntia / kuukausi",
        "valid_placement_type": "DAYCARE",
      },
    },
    {
      "effica": "Varhaiskasvatus 156-170h",
      "evaka": {
        "default_option": false,
        "id": "503591ae-b961-11eb-b521-1fca99358eed",
        "name_fi": "Varhaiskasvatus yli 151 tuntia / kuukausi",
        "valid_placement_type": "DAYCARE",
      },
    },
    {
      "effica": "Varhaiskasvatus yli 170h",
      "evaka": {
        "default_option": false,
        "id": "503591ae-b961-11eb-b521-1fca99358eed",
        "name_fi": "Varhaiskasvatus yli 151 tuntia / kuukausi",
        "valid_placement_type": "DAYCARE",
      },
    },
  ],
  "voucher": [
    {
      "effica": "Vuorohoito 121-140h",
      "evaka": {
        "default_option": false,
        "id": "503590f0-b961-11eb-b520-53740af3f7ef",
        "name_fi": "Varhaiskasvatus 121-150 tuntia / kuukausi",
        "valid_placement_type": "DAYCARE",
      },
    },
    {
      "effica": "Vuorohoito 141-155h",
      "evaka": {
        "default_option": false,
        "id": "503590f0-b961-11eb-b520-53740af3f7ef",
        "name_fi": "Varhaiskasvatus 121-150 tuntia / kuukausi",
        "valid_placement_type": "DAYCARE",
      },
    },
    {
      "effica": "Vuorohoito 156-170h",
      "evaka": {
        "default_option": false,
        "id": "503591ae-b961-11eb-b521-1fca99358eed",
        "name_fi": "Varhaiskasvatus yli 151 tuntia / kuukausi",
        "valid_placement_type": "DAYCARE",
      },
    },
    {
      "effica": "Vuorohoito yli 170 h",
      "evaka": {
        "default_option": false,
        "id": "503591ae-b961-11eb-b521-1fca99358eed",
        "name_fi": "Varhaiskasvatus yli 151 tuntia / kuukausi",
        "valid_placement_type": "DAYCARE",
      },
    },
    {
      "effica": "Varhaiskasvatus 0-90h",
      "evaka": {
        "default_option": false,
        "id": "50358394-b961-11eb-b51f-67ac436e5637",
        "name_fi": "Varhaiskasvatus 85 tuntia / kuukausi",
        "valid_placement_type": "DAYCARE",
      },
    },
    {
      "effica": "Varhaiskasvatus 91-120h",
      "evaka": {
        "default_option": false,
        "id": "86ef70a0-bf85-11eb-91e6-1fb57a101165",
        "name_fi": "Varhaiskasvatus 86–120 tuntia / kuukausi",
        "valid_placement_type": "DAYCARE",
      },
    },
    {
      "effica": "Varhaiskasvatus 121-140h",
      "evaka": {
        "default_option": false,
        "id": "503590f0-b961-11eb-b520-53740af3f7ef",
        "name_fi": "Varhaiskasvatus 121-150 tuntia / kuukausi",
        "valid_placement_type": "DAYCARE",
      },
    },
    {
      "effica": "Varhaiskasvatus 141-155h",
      "evaka": {
        "default_option": false,
        "id": "503590f0-b961-11eb-b520-53740af3f7ef",
        "name_fi": "Varhaiskasvatus 121-150 tuntia / kuukausi",
        "valid_placement_type": "DAYCARE",
      },
    },
    {
      "effica": "Varhaiskasvatus 156-170h",
      "evaka": {
        "default_option": false,
        "id": "503591ae-b961-11eb-b521-1fca99358eed",
        "name_fi": "Varhaiskasvatus yli 151 tuntia / kuukausi",
        "valid_placement_type": "DAYCARE",
      },
    },
    {
      "effica": "Varhaiskasvatus yli 170h",
      "evaka": {
        "default_option": false,
        "id": "503591ae-b961-11eb-b521-1fca99358eed",
        "name_fi": "Varhaiskasvatus yli 151 tuntia / kuukausi",
        "valid_placement_type": "DAYCARE",
      },
    },
  ],
}
`;
