// Jest Snapshot v1, https://goo.gl/fbAQLP

exports[`vesilahti all placement mappings exists 1`] = `
{
  "municipal": [
    {
      "effica": "Vuorohoito 121-140h",
      "evaka": "503590f0-b961-11eb-b520-53740af3f7ef",
    },
    {
      "effica": "Vuorohoito 141-155h",
      "evaka": "503590f0-b961-11eb-b520-53740af3f7ef",
    },
    {
      "effica": "Vuorohoito 156-170h",
      "evaka": "503591ae-b961-11eb-b521-1fca99358eed",
    },
    {
      "effica": "Vuorohoito yli 170 h",
      "evaka": "503591ae-b961-11eb-b521-1fca99358eed",
    },
    {
      "effica": "Varhaiskasvatus 0-90h",
      "evaka": "50358394-b961-11eb-b51f-67ac436e5637",
    },
    {
      "effica": "Varhaiskasvatus 91-120h",
      "evaka": "86ef70a0-bf85-11eb-91e6-1fb57a101165",
    },
    {
      "effica": "Varhaiskasvatus 121-140h",
      "evaka": "503590f0-b961-11eb-b520-53740af3f7ef",
    },
    {
      "effica": "Varhaiskasvatus 141-155h",
      "evaka": "503590f0-b961-11eb-b520-53740af3f7ef",
    },
    {
      "effica": "Varhaiskasvatus 156-170h",
      "evaka": "503591ae-b961-11eb-b521-1fca99358eed",
    },
    {
      "effica": "Varhaiskasvatus yli 170h",
      "evaka": "503591ae-b961-11eb-b521-1fca99358eed",
    },
  ],
  "voucher": [
    {
      "effica": "Vuorohoito 121-140h",
      "evaka": "503590f0-b961-11eb-b520-53740af3f7ef",
    },
    {
      "effica": "Vuorohoito 141-155h",
      "evaka": "503590f0-b961-11eb-b520-53740af3f7ef",
    },
    {
      "effica": "Vuorohoito 156-170h",
      "evaka": "503591ae-b961-11eb-b521-1fca99358eed",
    },
    {
      "effica": "Vuorohoito yli 170 h",
      "evaka": "503591ae-b961-11eb-b521-1fca99358eed",
    },
    {
      "effica": "Varhaiskasvatus 0-90h",
      "evaka": "50358394-b961-11eb-b51f-67ac436e5637",
    },
    {
      "effica": "Varhaiskasvatus 91-120h",
      "evaka": "86ef70a0-bf85-11eb-91e6-1fb57a101165",
    },
    {
      "effica": "Varhaiskasvatus 121-140h",
      "evaka": "503590f0-b961-11eb-b520-53740af3f7ef",
    },
    {
      "effica": "Varhaiskasvatus 141-155h",
      "evaka": "503590f0-b961-11eb-b520-53740af3f7ef",
    },
    {
      "effica": "Varhaiskasvatus 156-170h",
      "evaka": "503591ae-b961-11eb-b521-1fca99358eed",
    },
    {
      "effica": "Varhaiskasvatus yli 170h",
      "evaka": "503591ae-b961-11eb-b521-1fca99358eed",
    },
  ],
}
`;
